==============================================================
  GMOコイン FX Bot【4手法統合版】
  最大ポジション        : 6（全手法合計）
==============================================================
[2026-06-09 15:01:02] メインチェック開始（4手法）
[2026-06-09 15:01:02] 有効証拠金: 109,097円
[2026-06-09 15:01:03] 現在ポジション: 0 / 6
[2026-06-09 15:01:03]   [USD_JPY] シグナルなし。
[2026-06-09 15:01:03]   [AUD_JPY] ★ [SB] SELL シグナル！
[2026-06-09 15:01:03]            price=112.82750  SL=113.25256  TP=112.32036
[2026-06-09 15:01:03]            units=10,000  risk=6,955円
[2026-06-09 15:01:06]   [AUD_JPY] 約定確認 positionId=8882904
[2026-06-09 15:01:07]   [AUD_JPY] [OCO決済発注] AUD_JPY SELL TP=112.32036 SL=113.25256

==============================================================
[2026-06-09 16:01:04] メインチェック開始（4手法）
[2026-06-09 16:01:04] 有効証拠金: 108,540円
[2026-06-09 16:01:05] 現在ポジション: 1 / 6
[2026-06-09 16:01:05]   [AUD_JPY] ポジションあり。スキップ。
[2026-06-09 16:01:06]   [CAD_JPY] ★ [MACD] BUY シグナル！
[2026-06-09 16:01:06]            price=95.11000  SL=94.80000  TP=95.73000
[2026-06-09 16:01:06]            units=80,000  risk=3,477円
[2026-06-09 16:01:08]   [CAD_JPY] 発注失敗: {'status': 1, 'messages': [{'message_code': 'ERR-201', 'message_string': 'Trading margin is insufficient.'}], 'responsetime': '2026-06-09T16:01:07.049Z'}

==============================================================
[2026-07-16 11:01:07] メインチェック開始（4手法）
[2026-07-16 11:01:07] 有効証拠金: 121,300円
[2026-07-16 11:01:08] 現在ポジション: 3 / 6
[2026-07-16 11:01:08]   [CAD_JPY] ★ [SB] BUY シグナル！
[2026-07-16 11:01:08]            price=110.20000  SL=109.90000  TP=110.80000
[2026-07-16 11:01:08]            units=20,000  risk=2,700円
[2026-07-16 11:01:08]   [CAD_JPY] 複数positionId検出: 2件 全件にエグジット登録
[2026-07-16 11:01:09]   [CAD_JPY] 約定確認 positionId=9101234
[2026-07-16 11:01:10]   [CAD_JPY] 約定確認 positionId=9101235

==============================================================
[2026-08-19 12:48:23] [決済検知] AUD_JPY pid=8882904
